// Vitest Snapshot v1, https://vitest.dev/guide/snapshot.html

exports[`Components Container tests > Auth components > FallbackCanvas component > render component 1`] = `"<div class="fallback-container" id="fallback-config" data-config="{&#34;loginPageBackground&#34;:&#34;studiocms-curves&#34;,&#34;loginPageCustomImage&#34;:null}"> <svg class="static-logo" width="755" height="792" viewBox="0 0 755 792" fill="none" xmlns="http://www.w3.org/2000/svg"> <rect x="295" width="460" height="466" rx="32" fill="currentColor"></rect> <path d="M272 434V166H180C162.327 166 148 180.327 148 198V597C148 614.673 162.327 629 180 629H577.5C595.173 629 609.5 614.673 609.5 597V490H328C297.072 490 272 464.928 272 434Z" fill="currentColor"></path> <path d="M124 597V329H32C14.3269 329 0 343.327 0 361V760C0 777.673 14.3269 792 32 792H429.5C447.173 792 461.5 777.673 461.5 760V653H180C149.072 653 124 627.928 124 597Z" fill="currentColor"></path> </svg>  <img src="/mock/path/FallbackCanvas.astro?href=%2Fmock%2Fpath%2Fimage.webp&#38;w=1920&#38;h=1080&#38;q=100&#38;f=webp" data-image-component="true" alt="A fallback image displaying because the interactive wallpaper couldn't be loaded." loading="lazy" decoding="async" fetchpriority="auto" width="1920" height="1080" class="fallback-image"> <script type="module" src="/mock/path/FallbackCanvas.astro?astro&type=script&index=0&lang.ts"></script> </div>"`;

exports[`Components Container tests > Auth components > OAuthButton component > render component 1`] = `"<a tabindex="0" as="a" href="/test/endpoint" class="sui-button full lg default solid">   <img src="/fake/image.jpg"> <span>test auth</span>   </a> "`;

exports[`Components Container tests > Auth components > OAuthButtonStack component > render component 1`] = `
"<div class="sui-divider-container"> <hr class="sui-divider-line"> <div class="sui-divider-content" style="background-color: var(--background-base); padding: .25rem .5rem;"> <t-comp-oauth key="or-login-with">or log in using</t-comp-oauth> </div> </div>
    <div class="button-stack"><a tabindex="0" as="a" href="/studiocms_api/auth/github" class="sui-button full lg default solid">   github.png <span>GitHub</span>   </a> </div><script type="module" src="/mock/path/OAuthButtonStack.astro?astro&type=script&index=0&lang.ts"></script>"
`;

exports[`Components Container tests > Auth components > StaticAuthCheck component > render component no props 1`] = `
"<div id="login-check" style="display: none;" data-is_logged_in="false" data-redirect_route="/dashboard"></div> <script>
  const loginCheck = document.getElementById('login-check');

  if (loginCheck.dataset.is_logged_in === 'true') {
    window.location.href = loginCheck.dataset.redirect_route;
  }
</script>"
`;

exports[`Components Container tests > Auth components > StaticAuthCheck component > render component with props 1`] = `
"<div id="login-check" style="display: none;" data-is_logged_in="true" data-redirect_route="/dashboard"></div> <script>
  const loginCheck = document.getElementById('login-check');

  if (loginCheck.dataset.is_logged_in === 'true') {
    window.location.href = loginCheck.dataset.redirect_route;
  }
</script>"
`;

exports[`Components Container tests > Auth components > StudioCMSLogoSVG component > render component 1`] = `"<svg width="755" height="792" viewBox="0 0 755 792" fill="none" xmlns="http://www.w3.org/2000/svg"> <rect x="295" width="460" height="466" rx="32" fill="currentColor"></rect> <path d="M272 434V166H180C162.327 166 148 180.327 148 198V597C148 614.673 162.327 629 180 629H577.5C595.173 629 609.5 614.673 609.5 597V490H328C297.072 490 272 464.928 272 434Z" fill="currentColor"></path> <path d="M124 597V329H32C14.3269 329 0 343.327 0 361V760C0 777.673 14.3269 792 32 792H429.5C447.173 792 461.5 777.673 461.5 760V653H180C149.072 653 124 627.928 124 597Z" fill="currentColor"></path> </svg>"`;

exports[`Components Container tests > Auth components > ThreeCanvasLoader component > render component 1`] = `"<div style="display: none;" id="auth-pages-config" data-config_background="studiocms-curves"></div> <script type="module" src="/mock/path/ThreeCanvasLoader.astro?astro&type=script&index=0&lang.ts"></script>"`;

exports[`Components Container tests > First Time Setup components > PageHeader component > render component 1`] = `"<header class="page-header"> <div class="page-title-container"> <h1 class="page-title">Test Page</h1>  </div> <div class="page-actions-container">  </div> </header> "`;

exports[`Components Container tests > First Time Setup components > PageHeader component > render component with badge 1`] = `"<header class="page-header"> <div class="page-title-container"> <h1 class="page-title">Test Page</h1> <span class="sui-badge primary lg outlined full">  New  </span> </div> <div class="page-actions-container">  </div> </header> "`;

exports[`Components Container tests > First Time Setup components > PageHeader component > render component with badge and icon 1`] = `"<header class="page-header"> <div class="page-title-container"> <h1 class="page-title">Test Page</h1> <span class="sui-badge primary lg outlined full"> <svg style="min-width: 24px" xmlns="http://www.w3.org/2000/svg" prefix="heroicons" height="24" width="24" viewbox="0 0 24 24"><path fill="none" stroke="currentColor" stroke-linecap="round" stroke-linejoin="round" stroke-width="1.5" d="M4.26 10.147a60 60 0 0 0-.491 6.347A48.6 48.6 0 0 1 12 20.904a48.6 48.6 0 0 1 8.232-4.41a61 61 0 0 0-.491-6.347m-15.482 0a51 51 0 0 0-2.658-.813A60 60 0 0 1 12 3.493a60 60 0 0 1 10.399 5.84q-1.345.372-2.658.814m-15.482 0A51 51 0 0 1 12 13.489a50.7 50.7 0 0 1 7.74-3.342M6.75 15a.75.75 0 1 0 0-1.5a.75.75 0 0 0 0 1.5m0 0v-3.675A55 55 0 0 1 12 8.443m-7.007 11.55A5.98 5.98 0 0 0 6.75 15.75v-1.5"/></svg> New  </span> </div> <div class="page-actions-container">  </div> </header> "`;

exports[`Components Container tests > Shared components > Code component > render component 1`] = `
"<pre class="code-container scrollbar">  <code id="test-id" class="custom-code"><span class="line">export const hello = &quot;hello world!&quot;;</span></code>
</pre> <script>(function(){const id = "test-id";

	const codesWithDiff = document.getElementById(id);

	if (!codesWithDiff) return;

	const code = codesWithDiff.classList.contains("diff");

	if (!code) return;

	const linesInserted = codesWithDiff.getAttribute("data-lines-inserted");
	const linesDeleted = codesWithDiff.getAttribute("data-lines-deleted");

	if (!linesInserted && !linesDeleted) return;

	const parsedInsertedLines =
		linesInserted?.split(",").map((line) => parseInt(line, 10)) || [];
	const parsedDeletedLines =
		linesDeleted?.split(",").map((line) => parseInt(line, 10)) || [];

	const codeLines = codesWithDiff.querySelectorAll(".line");

	codeLines.forEach((line, index) => {
		if (parsedInsertedLines.includes(index + 1)) {
			line.classList.add("diff", "ins");
		}

		if (parsedDeletedLines.includes(index + 1)) {
			line.classList.add("diff", "del");
		}
	});
})();</script>"
`;

exports[`Components Container tests > Shared components > Favicons component > render component 1`] = `"<link rel="icon" href="https://cdn.studiocms.dev/favicon.svg" type="image/svg+xml"><link rel="icon" href="https://cdn.studiocms.dev/favicon-light.png" type="image/png" media="(prefers-color-scheme: dark)"><link rel="icon" href="https://cdn.studiocms.dev/favicon-dark.png" type="image/png" media="(prefers-color-scheme: light)">"`;

exports[`Components Container tests > Shared components > Global component > render component 1`] = `"<meta charset="utf-8"><meta name="viewport" content="width=device-width,initial-scale=1">"`;

exports[`Components Container tests > Shared components > SSRUser component > render component 1`] = `"<div class="sui-user-container"> <div class="sui-avatar-container"> <svg style="min-width: 24px" xmlns="http://www.w3.org/2000/svg" prefix="heroicons" role="img" aria-label="Placeholder avatar for mock" height="24" width="24" viewbox="0 0 24 24"><path fill="none" stroke="currentColor" stroke-linecap="round" stroke-linejoin="round" stroke-width="1.5" d="M15.75 6a3.75 3.75 0 1 1-7.5 0a3.75 3.75 0 0 1 7.5 0M4.501 20.118a7.5 7.5 0 0 1 14.998 0A17.9 17.9 0 0 1 12 21.75c-2.676 0-5.216-.584-7.499-1.632"/></svg> </div> <div class="sui-text-content"> <span class="sui-name">mock</span> <span class="sui-description">mock-admin</span> </div> </div> <script type="module" src="/mock/path/SSRUser.astro?astro&type=script&index=0&lang.ts"></script> "`;

exports[`Components Container tests > Shared components > ThemeManager component > render component 1`] = `
"<script>
    window.theme ??= (() => { 
        const defaultTheme = "system";
        const storageKey = "studiocms-theme-preference";
        const store =
            typeof localStorage !== "undefined"
            ? localStorage
            : { getItem: () => null, setItem: () => {} };
    
        const mediaMatcher = window.matchMedia("(prefers-color-scheme: light)");
        let systemTheme = mediaMatcher.matches ? "light" : "dark";
        mediaMatcher.addEventListener("change", (event) => {
            systemTheme = event.matches ? "light" : "dark";
            applyTheme(theme.getTheme());
        });
    
        function applyTheme(theme) {
            const resolvedTheme = theme === "system" ? systemTheme : theme;
            document.documentElement.dataset.theme = resolvedTheme;
            document.dispatchEvent(
            new CustomEvent("theme-changed", {
                detail: { theme, systemTheme, defaultTheme },
            })
            );
        }
    
        function setTheme(theme = defaultTheme) {
            store.setItem(storageKey, theme);
            applyTheme(theme);
        }
    
        function getTheme() {
            return store.getItem(storageKey) || defaultTheme;
        }
    
        function getSystemTheme() {
            return systemTheme;
        }
    
        function getDefaultTheme() {
            return defaultTheme;
        }
    
        return { setTheme, getTheme, getSystemTheme, getDefaultTheme };
    })();
    theme.setTheme(theme.getTheme());
</script> <script type="module" src="/mock/path/ThemeManager.astro?astro&type=script&index=0&lang.ts"></script>"
`;

exports[`Components Container tests > Shared components > TitleTags > render component 1`] = `"<title>Test Title</title><meta name="title" content="Test Title"><meta name="description" content="Test Description"><meta name="theme-color" content="#a581f3">"`;
