// Vitest Snapshot v1, https://vitest.dev/guide/snapshot.html

exports[`Code component > render component 1`] = `
"<pre class="code-container scrollbar">  <code id="test-id" class="custom-code"><span class="line">export const hello = &quot;hello world!&quot;;</span></code>
</pre> <script>(function(){const id = "test-id";

	const codesWithDiff = document.getElementById(id);

	if (!codesWithDiff) return;

	const code = codesWithDiff.classList.contains("diff");

	if (!code) return;

	const linesInserted = codesWithDiff.getAttribute("data-lines-inserted");
	const linesDeleted = codesWithDiff.getAttribute("data-lines-deleted");

	if (!linesInserted && !linesDeleted) return;

	const parsedInsertedLines =
		linesInserted?.split(",").map((line) => parseInt(line, 10)) || [];
	const parsedDeletedLines =
		linesDeleted?.split(",").map((line) => parseInt(line, 10)) || [];

	const codeLines = codesWithDiff.querySelectorAll(".line");

	codeLines.forEach((line, index) => {
		if (parsedInsertedLines.includes(index + 1)) {
			line.classList.add("diff", "ins");
		}

		if (parsedDeletedLines.includes(index + 1)) {
			line.classList.add("diff", "del");
		}
	});
})();</script>"
`;
