// Vitest Snapshot v1, https://vitest.dev/guide/snapshot.html

exports[`Favicons component > render component 1`] = `"<link rel="icon" href="https://cdn.studiocms.dev/favicon.svg" type="image/svg+xml"><link rel="icon" href="https://cdn.studiocms.dev/favicon-light.png" type="image/png" media="(prefers-color-scheme: dark)"><link rel="icon" href="https://cdn.studiocms.dev/favicon-dark.png" type="image/png" media="(prefers-color-scheme: light)">"`;
