// Vitest Snapshot v1, https://vitest.dev/guide/snapshot.html

exports[`Global component > render component 1`] = `"<meta charset="utf-8"><meta name="viewport" content="width=device-width,initial-scale=1">"`;
