// Vitest Snapshot v1, https://vitest.dev/guide/snapshot.html

exports[`SSRUser component > render component 1`] = `"<div class="sui-user-container"> <div class="sui-avatar-container"> <svg style="min-width: 24px" xmlns="http://www.w3.org/2000/svg" prefix="heroicons" role="img" aria-label="Placeholder avatar for mock" height="24" width="24" viewbox="0 0 24 24"><path fill="none" stroke="currentColor" stroke-linecap="round" stroke-linejoin="round" stroke-width="1.5" d="M15.75 6a3.75 3.75 0 1 1-7.5 0a3.75 3.75 0 0 1 7.5 0M4.501 20.118a7.5 7.5 0 0 1 14.998 0A17.9 17.9 0 0 1 12 21.75c-2.676 0-5.216-.584-7.499-1.632"/></svg> </div> <div class="sui-text-content"> <span class="sui-name">mock</span> <span class="sui-description">mock-admin</span> </div> </div> "`;
