// Vitest Snapshot v1, https://vitest.dev/guide/snapshot.html

exports[`TitleTags component > render component 1`] = `"<title>Test Title</title><meta name="title" content="Test Title"><meta name="description" content="Test Description"><meta name="theme-color" content="#a581f3">"`;
