// Vitest Snapshot v1, https://vitest.dev/guide/snapshot.html

exports[`FallbackCanvas component > render component 1`] = `"<div class="fallback-container" id="fallback-config" data-config="{&#34;loginPageBackground&#34;:&#34;studiocms-curves&#34;,&#34;loginPageCustomImage&#34;:null}"> <svg class="static-logo" width="755" height="792" viewBox="0 0 755 792" fill="none" xmlns="http://www.w3.org/2000/svg"> <rect x="295" width="460" height="466" rx="32" fill="currentColor"></rect> <path d="M272 434V166H180C162.327 166 148 180.327 148 198V597C148 614.673 162.327 629 180 629H577.5C595.173 629 609.5 614.673 609.5 597V490H328C297.072 490 272 464.928 272 434Z" fill="currentColor"></path> <path d="M124 597V329H32C14.3269 329 0 343.327 0 361V760C0 777.673 14.3269 792 32 792H429.5C447.173 792 461.5 777.673 461.5 760V653H180C149.072 653 124 627.928 124 597Z" fill="currentColor"></path> </svg>  <img src="/mock/path/FallbackCanvas.astro?href=%2Fmock%2Fpath%2Fimage.webp&#38;w=1920&#38;h=1080&#38;q=100&#38;f=webp" data-image-component="true" alt="A fallback image displaying because the interactive wallpaper couldn't be loaded." loading="lazy" decoding="async" fetchpriority="auto" width="1920" height="1080" class="fallback-image"> <script type="module" src="/mock/path/FallbackCanvas.astro?astro&type=script&index=0&lang.ts"></script> </div>"`;
