// Vitest Snapshot v1, https://vitest.dev/guide/snapshot.html

exports[`WYSIWYG Editor Component > renders editor with CSRF token 1`] = `"<div class="scms-grapesjs-container" data-page-id="csrf-test" data-component-registry="[{&#34;name&#34;:&#34;Text&#34;,&#34;safeName&#34;:&#34;text&#34;,&#34;props&#34;:[{&#34;name&#34;:&#34;class&#34;,&#34;type&#34;:&#34;string&#34;,&#34;optional&#34;:true,&#34;description&#34;:&#34;CSS class for the text component&#34;}]},{&#34;name&#34;:&#34;Heading&#34;,&#34;safeName&#34;:&#34;heading&#34;,&#34;props&#34;:[{&#34;name&#34;:&#34;class&#34;,&#34;type&#34;:&#34;string&#34;,&#34;optional&#34;:true,&#34;description&#34;:&#34;CSS class for the heading component&#34;},{&#34;name&#34;:&#34;level&#34;,&#34;type&#34;:&#34;number&#34;,&#34;optional&#34;:true,&#34;defaultValue&#34;:&#34;1&#34;,&#34;description&#34;:&#34;Heading level (1-6)&#34;}]}]" data-editor-csrf-token="mock-csrf-token"> <div class="editor"> <div id="gjs"></div> </div> </div> <textarea id="page-content" name="page-content" style="display: none;">&lt;p&gt;Test&lt;/p&gt;</textarea> <script type="module" src="/mock/path/Editor.astro?astro&type=script&index=0&lang.ts"></script>"`;

exports[`WYSIWYG Editor Component > renders editor with basic content 1`] = `"<div class="scms-grapesjs-container" data-page-id="test-page-id" data-component-registry="[{&#34;name&#34;:&#34;Text&#34;,&#34;safeName&#34;:&#34;text&#34;,&#34;props&#34;:[{&#34;name&#34;:&#34;class&#34;,&#34;type&#34;:&#34;string&#34;,&#34;optional&#34;:true,&#34;description&#34;:&#34;CSS class for the text component&#34;}]},{&#34;name&#34;:&#34;Heading&#34;,&#34;safeName&#34;:&#34;heading&#34;,&#34;props&#34;:[{&#34;name&#34;:&#34;class&#34;,&#34;type&#34;:&#34;string&#34;,&#34;optional&#34;:true,&#34;description&#34;:&#34;CSS class for the heading component&#34;},{&#34;name&#34;:&#34;level&#34;,&#34;type&#34;:&#34;number&#34;,&#34;optional&#34;:true,&#34;defaultValue&#34;:&#34;1&#34;,&#34;description&#34;:&#34;Heading level (1-6)&#34;}]}]"> <div class="editor"> <div id="gjs"></div> </div> </div> <textarea id="page-content" name="page-content" style="display: none;">&lt;p&gt;Hello World&lt;/p&gt;</textarea> <script type="module" src="/mock/path/Editor.astro?astro&type=script&index=0&lang.ts"></script>"`;

exports[`WYSIWYG Editor Component > renders editor with complex HTML content 1`] = `
"<div class="scms-grapesjs-container" data-page-id="complex-page" data-component-registry="[{&#34;name&#34;:&#34;Text&#34;,&#34;safeName&#34;:&#34;text&#34;,&#34;props&#34;:[{&#34;name&#34;:&#34;class&#34;,&#34;type&#34;:&#34;string&#34;,&#34;optional&#34;:true,&#34;description&#34;:&#34;CSS class for the text component&#34;}]},{&#34;name&#34;:&#34;Heading&#34;,&#34;safeName&#34;:&#34;heading&#34;,&#34;props&#34;:[{&#34;name&#34;:&#34;class&#34;,&#34;type&#34;:&#34;string&#34;,&#34;optional&#34;:true,&#34;description&#34;:&#34;CSS class for the heading component&#34;},{&#34;name&#34;:&#34;level&#34;,&#34;type&#34;:&#34;number&#34;,&#34;optional&#34;:true,&#34;defaultValue&#34;:&#34;1&#34;,&#34;description&#34;:&#34;Heading level (1-6)&#34;}]}]"> <div class="editor"> <div id="gjs"></div> </div> </div> <textarea id="page-content" name="page-content" style="display: none;">
			&lt;div class=&quot;container&quot;&gt;
				&lt;h1&gt;Title&lt;/h1&gt;
				&lt;p&gt;Content with &lt;strong&gt;bold&lt;/strong&gt; text&lt;/p&gt;
				&lt;ul&gt;
					&lt;li&gt;Item 1&lt;/li&gt;
					&lt;li&gt;Item 2&lt;/li&gt;
				&lt;/ul&gt;
			&lt;/div&gt;
		</textarea> <script type="module" src="/mock/path/Editor.astro?astro&type=script&index=0&lang.ts"></script>"
`;

exports[`WYSIWYG Editor Component > renders editor with empty content 1`] = `"<div class="scms-grapesjs-container" data-page-id="empty-page" data-component-registry="[{&#34;name&#34;:&#34;Text&#34;,&#34;safeName&#34;:&#34;text&#34;,&#34;props&#34;:[{&#34;name&#34;:&#34;class&#34;,&#34;type&#34;:&#34;string&#34;,&#34;optional&#34;:true,&#34;description&#34;:&#34;CSS class for the text component&#34;}]},{&#34;name&#34;:&#34;Heading&#34;,&#34;safeName&#34;:&#34;heading&#34;,&#34;props&#34;:[{&#34;name&#34;:&#34;class&#34;,&#34;type&#34;:&#34;string&#34;,&#34;optional&#34;:true,&#34;description&#34;:&#34;CSS class for the heading component&#34;},{&#34;name&#34;:&#34;level&#34;,&#34;type&#34;:&#34;number&#34;,&#34;optional&#34;:true,&#34;defaultValue&#34;:&#34;1&#34;,&#34;description&#34;:&#34;Heading level (1-6)&#34;}]}]"> <div class="editor"> <div id="gjs"></div> </div> </div> <textarea id="page-content" name="page-content" style="display: none;"></textarea> <script type="module" src="/mock/path/Editor.astro?astro&type=script&index=0&lang.ts"></script>"`;

exports[`WYSIWYG Editor Component > renders editor without page id 1`] = `"<div class="scms-grapesjs-container" data-page-id data-component-registry="[{&#34;name&#34;:&#34;Text&#34;,&#34;safeName&#34;:&#34;text&#34;,&#34;props&#34;:[{&#34;name&#34;:&#34;class&#34;,&#34;type&#34;:&#34;string&#34;,&#34;optional&#34;:true,&#34;description&#34;:&#34;CSS class for the text component&#34;}]},{&#34;name&#34;:&#34;Heading&#34;,&#34;safeName&#34;:&#34;heading&#34;,&#34;props&#34;:[{&#34;name&#34;:&#34;class&#34;,&#34;type&#34;:&#34;string&#34;,&#34;optional&#34;:true,&#34;description&#34;:&#34;CSS class for the heading component&#34;},{&#34;name&#34;:&#34;level&#34;,&#34;type&#34;:&#34;number&#34;,&#34;optional&#34;:true,&#34;defaultValue&#34;:&#34;1&#34;,&#34;description&#34;:&#34;Heading level (1-6)&#34;}]}]"> <div class="editor"> <div id="gjs"></div> </div> </div> <textarea id="page-content" name="page-content" style="display: none;">&lt;h1&gt;Title&lt;/h1&gt;</textarea> <script type="module" src="/mock/path/Editor.astro?astro&type=script&index=0&lang.ts"></script>"`;
