// Vitest Snapshot v1, https://vitest.dev/guide/snapshot.html

exports[`Generator component > render component 1`] = `"<meta name="generator" content="Astro v0.0.0-test"><meta name="generator" content="StudioCMS v0.0.0-test"><meta name="generator" content="StudioCMS UI v0.0.0-test">"`;
