// Vitest Snapshot v1, https://vitest.dev/guide/snapshot.html

exports[`i18n Language Selector component > render component 1`] = `"<button id="language-selector" class="language-selector mr-2"> <svg xmlns="http://www.w3.org/2000/svg" class="w-full h-[80%]" width="1.5rem" height="1.5rem" viewBox="0 0 24 24"><g fill="none" stroke="currentColor" stroke-linecap="round" stroke-linejoin="round" stroke-width="2"><path d="M4 5h7M9 3v2c0 4.418-2.239 8-5 8"></path><path d="M5 9c0 2.144 2.952 3.908 6.7 4m.3 7l4-9l4 9m-.9-2h-6.2"></path></g></svg> </button> <menu id="language-sector-menu" type="context" class="bg-neutral rounded-md p-2"> <span class="btn btn-primary" id="language-selector-option" data-key="de">Deutsch (de)</span><span class="btn btn-primary" id="language-selector-option" data-key="en">English (en)</span><span class="btn btn-primary" id="language-selector-option" data-key="es">Español (es)</span><span class="btn btn-primary" id="language-selector-option" data-key="fr">Français (fr)</span><span class="btn btn-primary" id="language-selector-option" data-key="zh">简体中文（zh)</span> <div class="flex flex-row-reverse"> <button id="language-sector-menu-cancel" class="btn btn-sm btn-circle btn-outline text-neutral-content" type="button"> <svg xmlns="http://www.w3.org/2000/svg" class="h-4 w-4" fill="none" viewBox="0 0 24 24" stroke="currentColor"> <path stroke-linecap="round" stroke-linejoin="round" stroke-width="2" d="M6 18L18 6M6 6l12 12"></path> </svg> </button> </div> </menu>  <script type="module" src="/mock/path/LanguageSelector.astro?astro&type=script&index=0&lang.ts"></script>"`;
